<!DOCTYPE html><html><head><script>window.__INITIAL_STATE__ = {}</script><style data-vue-ssr-id="4a8bc57e:0">
.red {
  color: #f00;
}
</style><style data-vue-ssr-id="57b7dbba:0">
.subcomponent[data-v-2fafd565] {
    color: green;
}
h2[data-v-2fafd565] {
  font-size: 40px;
}
</style><style data-vue-ssr-id="12762f70:0">
.test {
    color: pink;
    font-size: 20px;
}
</style><style data-vue-ssr-id="623ed4a1:0">
.simple {
    color: blue;
    text-decoration: underline;
}
</style><style data-vue-ssr-id="4a8bc57e:0">
.red {
  color: #f00;
}
</style><style data-vue-ssr-id="57b7dbba:0">
.subcomponent[data-v-2fafd565] {
    color: green;
}
h2[data-v-2fafd565] {
  font-size: 40px;
}
</style><style data-vue-ssr-id="12762f70:0">
.test {
    color: pink;
    font-size: 20px;
}
</style><style data-vue-ssr-id="623ed4a1:0">
.simple {
    color: blue;
    text-decoration: underline;
}
</style></head><body><div id="app"><div data-server-rendered="true"><h1 class="red">Hello world!</h1> <div><h2>Hello from component</h2> <button type="button" name="button">component</button> <h2 class="subcomponent" data-v-2fafd565>Hello from subcomponent</h2></div> <p>false</p> <div></div> <h1></h1> <p>Welcome to the  demo. Click a link:</p> <p></p> <input placeholder="edit me" value="Say Foo"> <button type="button" name="button">Say Foo</button> <div><h1>Say Foo</h1></div> <div><ul><li><a href="/users/default" class="test">default</a></li></ul></div> <div><p class="simple">Hello From Component in node_modules</p></div></div></div><script src="/expressvue/bundles/index/index-webpack/client.bundle.js"></script></body></html>